Jan 09 17:10:05 bondy-gozr systemd[1]: Starting Docker Application Container Engine...
Jan 09 17:10:05 bondy-gozr dockerd[898]: time="2026-01-09T17:10:05.511130998+07:00" level=info msg="Starting up"
Jan 09 17:10:05 bondy-gozr dockerd[898]: time="2026-01-09T17:10:05.514346521+07:00" level=info msg="OTEL tracing is not configured, using no-op tracer provider"
Jan 09 17:10:05 bondy-gozr dockerd[898]: time="2026-01-09T17:10:05.514959411+07:00" level=info msg="CDI directory does not exist, skipping: failed to monitor for changes: no such file or directory" dir=/etc/cdi
Jan 09 17:10:05 bondy-gozr dockerd[898]: time="2026-01-09T17:10:05.514999605+07:00" level=info msg="CDI directory does not exist, skipping: failed to monitor for changes: no such file or directory" dir=/var/run/cdi
Jan 09 17:10:05 bondy-gozr dockerd[898]: time="2026-01-09T17:10:05.618141607+07:00" level=info msg="Creating a containerd client" address=/run/containerd/containerd.sock timeout=1m0s
Jan 09 17:10:05 bondy-gozr dockerd[898]: time="2026-01-09T17:10:05.625968887+07:00" level=info msg="Loading containers: start."
Jan 09 17:10:05 bondy-gozr dockerd[898]: time="2026-01-09T17:10:05.634143412+07:00" level=info msg="Starting daemon with containerd snapshotter integration enabled"
Jan 09 17:10:05 bondy-gozr dockerd[898]: time="2026-01-09T17:10:05.638477747+07:00" level=info msg="Restoring containers: start."
Jan 09 17:10:05 bondy-gozr dockerd[898]: time="2026-01-09T17:10:05.653585026+07:00" level=warning msg="failed to determine if container is already mounted" container=34ba7c32fa0c363bf8b81ff166818751ef512b8260d463389b1412ea896dea62
Jan 09 17:10:05 bondy-gozr dockerd[898]: time="2026-01-09T17:10:05.654480037+07:00" level=warning msg="failed to determine if container is already mounted" container=d188e057366a71036c648471ef24fac2ba8ed9dca23687345a35db4dd56493c2
Jan 09 17:10:05 bondy-gozr dockerd[898]: time="2026-01-09T17:10:05.655216691+07:00" level=warning msg="failed to determine if container is already mounted" container=0a098f93188c96654b004e8b522bdf3a52512522b55330a468ed325fb07a6733
Jan 09 17:10:05 bondy-gozr dockerd[898]: time="2026-01-09T17:10:05.655331554+07:00" level=warning msg="failed to determine if container is already mounted" container=f55b858f3d902d8d430053260c5755b55a1032104f8a956493d9c4c1d59a2632
Jan 09 17:10:05 bondy-gozr dockerd[898]: time="2026-01-09T17:10:05.656839508+07:00" level=warning msg="failed to determine if container is already mounted" container=86772a1151e9570f69b6310bc404c974e14e5fbc0017e83639baa566e9cad53e
Jan 09 17:10:05 bondy-gozr dockerd[898]: time="2026-01-09T17:10:05.657872435+07:00" level=warning msg="failed to determine if container is already mounted" container=2ea70c4c56a575fe2a8a4b29db621bc7c9fc763964f99caf0e0008cee58b34c9
Jan 09 17:10:05 bondy-gozr dockerd[898]: time="2026-01-09T17:10:05.658459779+07:00" level=warning msg="failed to determine if container is already mounted" container=634ea9df828e6fcae8e9f4a3222be87da571c5539cb24b4c74396c5acb948b51
Jan 09 17:10:05 bondy-gozr dockerd[898]: time="2026-01-09T17:10:05.659243489+07:00" level=warning msg="failed to determine if container is already mounted" container=1507a182c48042e698e2c935c0aacdc9a916e0de26c318fa5ced2de92979a688
Jan 09 17:10:05 bondy-gozr dockerd[898]: time="2026-01-09T17:10:05.659587884+07:00" level=warning msg="failed to determine if container is already mounted" container=50f4af22bb58231d090322bd19c723545efbb99c93885082b3851c5b0f2a9d40
Jan 09 17:10:05 bondy-gozr dockerd[898]: time="2026-01-09T17:10:05.660884557+07:00" level=warning msg="failed to determine if container is already mounted" container=15323c5a78b039154bb417b9acd3cc0b23dad980eca37d21d314c9f4e32871b2
Jan 09 17:10:05 bondy-gozr dockerd[898]: time="2026-01-09T17:10:05.662503538+07:00" level=warning msg="failed to determine if container is already mounted" container=da3d09837788c9151feebf49b2cfcda72015f50287cf057865b619987959ff63
Jan 09 17:10:05 bondy-gozr dockerd[898]: time="2026-01-09T17:10:05.662653395+07:00" level=warning msg="failed to determine if container is already mounted" container=1201758ca57bcea7d20600631e77a219485d3f5f23fb946b33977fe4ce1cdcca
Jan 09 17:10:05 bondy-gozr dockerd[898]: time="2026-01-09T17:10:05.727015974+07:00" level=info msg="Deleting nftables IPv4 rules" error="exit status 1"
Jan 09 17:10:05 bondy-gozr dockerd[898]: time="2026-01-09T17:10:05.750972078+07:00" level=info msg="Deleting nftables IPv6 rules" error="exit status 1"
Jan 09 17:10:06 bondy-gozr dockerd[898]: time="2026-01-09T17:10:06.593623576+07:00" level=info msg="sbJoin: gwep4 ''->'4cd52c81ce5a', gwep6 ''->''" eid=4cd52c81ce5a ep=bondy-client net=bondy-client_default nid=ef7d59dba817
Jan 09 17:10:06 bondy-gozr dockerd[898]: time="2026-01-09T17:10:06.655823382+07:00" level=info msg="Loading containers: done."
Jan 09 17:10:06 bondy-gozr dockerd[898]: time="2026-01-09T17:10:06.669361438+07:00" level=info msg="Docker daemon" commit=fbf3ed2 containerd-snapshotter=true storage-driver=overlayfs version=29.1.3
Jan 09 17:10:06 bondy-gozr dockerd[898]: time="2026-01-09T17:10:06.669707076+07:00" level=info msg="Initializing buildkit"
Jan 09 17:10:06 bondy-gozr dockerd[898]: time="2026-01-09T17:10:06.746738982+07:00" level=info msg="Completed buildkit initialization"
Jan 09 17:10:06 bondy-gozr dockerd[898]: time="2026-01-09T17:10:06.756067197+07:00" level=info msg="Daemon has completed initialization"
Jan 09 17:10:06 bondy-gozr dockerd[898]: time="2026-01-09T17:10:06.756358763+07:00" level=info msg="API listen on /run/docker.sock"
Jan 09 17:10:06 bondy-gozr systemd[1]: Started Docker Application Container Engine.
Jan 09 17:10:30 bondy-gozr dockerd[898]: time="2026-01-09T17:10:30.842869198+07:00" level=info msg="sbJoin: gwep4 ''->'3dc24bebd49b', gwep6 ''->''" eid=3dc24bebd49b ep=discovery-server net=bondy-server_default nid=71e04c9ed2b3 spanID=87f3e5e1d4500eed traceID=c1ed295b26b68abd3bb2c96f16635cba
Jan 09 17:10:30 bondy-gozr dockerd[898]: time="2026-01-09T17:10:30.888009656+07:00" level=info msg="sbJoin: gwep4 ''->'b0f54cbead98', gwep6 ''->''" eid=b0f54cbead98 ep=postgres net=bondy-server_default nid=71e04c9ed2b3 spanID=eded91131f1d51f6 traceID=c1ed295b26b68abd3bb2c96f16635cba
Jan 09 17:10:51 bondy-gozr dockerd[898]: time="2026-01-09T17:10:51.836777071+07:00" level=info msg="sbJoin: gwep4 ''->'5c0fae831f3c', gwep6 ''->''" eid=5c0fae831f3c ep=interaction-service net=bondy-server_default nid=71e04c9ed2b3 spanID=92d0309a6c8034cc traceID=c1ed295b26b68abd3bb2c96f16635cba
Jan 09 17:10:51 bondy-gozr dockerd[898]: time="2026-01-09T17:10:51.839294684+07:00" level=info msg="sbJoin: gwep4 ''->'abd73f711fa2', gwep6 ''->''" eid=abd73f711fa2 ep=mail-service net=bondy-server_default nid=71e04c9ed2b3 spanID=7be14db737eee2d6 traceID=c1ed295b26b68abd3bb2c96f16635cba
Jan 09 17:10:51 bondy-gozr dockerd[898]: time="2026-01-09T17:10:51.840032384+07:00" level=info msg="sbJoin: gwep4 ''->'7198c975c7bc', gwep6 ''->''" eid=7198c975c7bc ep=auth-service net=bondy-server_default nid=71e04c9ed2b3 spanID=67290d4519a42872 traceID=c1ed295b26b68abd3bb2c96f16635cba
Jan 09 17:10:51 bondy-gozr dockerd[898]: time="2026-01-09T17:10:51.884279203+07:00" level=info msg="sbJoin: gwep4 ''->'a7e33452e61e', gwep6 ''->''" eid=a7e33452e61e ep=upload-service net=bondy-server_default nid=71e04c9ed2b3 spanID=cafd6a7246e142db traceID=c1ed295b26b68abd3bb2c96f16635cba
Jan 09 17:10:51 bondy-gozr dockerd[898]: time="2026-01-09T17:10:51.906839745+07:00" level=info msg="sbJoin: gwep4 ''->'540eb061f4fb', gwep6 ''->''" eid=540eb061f4fb ep=moderation-service net=bondy-server_default nid=71e04c9ed2b3 spanID=b1f9c4f43be66c29 traceID=c1ed295b26b68abd3bb2c96f16635cba
Jan 09 17:10:51 bondy-gozr dockerd[898]: time="2026-01-09T17:10:51.954407729+07:00" level=info msg="sbJoin: gwep4 ''->'f6fc3d728ae5', gwep6 ''->''" eid=f6fc3d728ae5 ep=notification-service net=bondy-server_default nid=71e04c9ed2b3 spanID=782a5ba40e11ec3a traceID=c1ed295b26b68abd3bb2c96f16635cba
Jan 09 17:10:51 bondy-gozr dockerd[898]: time="2026-01-09T17:10:51.988290205+07:00" level=info msg="sbJoin: gwep4 ''->'1d140ed76aa6', gwep6 ''->''" eid=1d140ed76aa6 ep=communication-service net=bondy-server_default nid=71e04c9ed2b3 spanID=57f9580999b54fc3 traceID=c1ed295b26b68abd3bb2c96f16635cba
Jan 09 17:12:13 bondy-gozr dockerd[898]: time="2026-01-09T17:12:13.364217243+07:00" level=info msg="sbJoin: gwep4 ''->'96ad04bb6990', gwep6 ''->''" eid=96ad04bb6990 ep=gateway net=bondy-server_default nid=71e04c9ed2b3 spanID=1629c47c43316ed9 traceID=2c160feaa051066743654e00a8f82779
Jan 09 17:12:13 bondy-gozr dockerd[898]: time="2026-01-09T17:12:13.413382146+07:00" level=info msg="sbJoin: gwep4 ''->'fd36dd7a8cf3', gwep6 ''->''" eid=fd36dd7a8cf3 ep=recommendation-system net=bondy-server_default nid=71e04c9ed2b3 spanID=49efab532130e82b traceID=2c160feaa051066743654e00a8f82779
Jan 09 17:52:53 bondy-gozr dockerd[898]: time="2026-01-09T17:52:53.439859564+07:00" level=warning msg="Health check for container 1201758ca57bcea7d20600631e77a219485d3f5f23fb946b33977fe4ce1cdcca error: timed out starting health check for container 1201758ca57bcea7d20600631e77a219485d3f5f23fb946b33977fe4ce1cdcca"
Jan 09 17:52:53 bondy-gozr dockerd[898]: time="2026-01-09T17:52:53.444479151+07:00" level=warning msg="Health check for container da3d09837788c9151feebf49b2cfcda72015f50287cf057865b619987959ff63 error: timed out starting health check for container da3d09837788c9151feebf49b2cfcda72015f50287cf057865b619987959ff63"
Jan 09 17:52:53 bondy-gozr dockerd[898]: time="2026-01-09T17:52:53.447177387+07:00" level=warning msg="Health check for container 15323c5a78b039154bb417b9acd3cc0b23dad980eca37d21d314c9f4e32871b2 error: timed out starting health check for container 15323c5a78b039154bb417b9acd3cc0b23dad980eca37d21d314c9f4e32871b2"
Jan 09 17:52:53 bondy-gozr dockerd[898]: time="2026-01-09T17:52:53.517748543+07:00" level=warning msg="Health check for container 1507a182c48042e698e2c935c0aacdc9a916e0de26c318fa5ced2de92979a688 error: timed out starting health check for container 1507a182c48042e698e2c935c0aacdc9a916e0de26c318fa5ced2de92979a688"
Jan 09 17:52:57 bondy-gozr dockerd[898]: time="2026-01-09T17:52:57.158586182+07:00" level=error msg="copy stream failed" error="reading from a closed fifo" stream=stdout
Jan 09 17:52:57 bondy-gozr dockerd[898]: time="2026-01-09T17:52:57.166721258+07:00" level=error msg="copy stream failed" error="reading from a closed fifo" stream=stdout
Jan 09 17:52:57 bondy-gozr dockerd[898]: time="2026-01-09T17:52:57.168143979+07:00" level=error msg="copy stream failed" error="reading from a closed fifo" stream=stderr
Jan 09 17:52:57 bondy-gozr dockerd[898]: time="2026-01-09T17:52:57.168241593+07:00" level=error msg="copy stream failed" error="reading from a closed fifo" stream=stdout
Jan 09 17:52:57 bondy-gozr dockerd[898]: time="2026-01-09T17:52:57.170318527+07:00" level=error msg="copy stream failed" error="reading from a closed fifo" stream=stderr
Jan 09 17:52:57 bondy-gozr dockerd[898]: time="2026-01-09T17:52:57.183612413+07:00" level=error msg="copy stream failed" error="reading from a closed fifo" stream=stderr
Jan 09 17:52:57 bondy-gozr dockerd[898]: time="2026-01-09T17:52:57.187909403+07:00" level=error msg="copy stream failed" error="reading from a closed fifo" stream=stderr
Jan 09 17:52:57 bondy-gozr dockerd[898]: time="2026-01-09T17:52:57.188616625+07:00" level=error msg="copy stream failed" error="reading from a closed fifo" stream=stdout
Jan 09 17:52:57 bondy-gozr dockerd[898]: time="2026-01-09T17:52:53.518594030+07:00" level=warning msg="Health check for container 50f4af22bb58231d090322bd19c723545efbb99c93885082b3851c5b0f2a9d40 error: timed out starting health check for container 50f4af22bb58231d090322bd19c723545efbb99c93885082b3851c5b0f2a9d40"
Jan 09 17:52:57 bondy-gozr dockerd[898]: time="2026-01-09T17:52:53.518572986+07:00" level=warning msg="Health check for container f55b858f3d902d8d430053260c5755b55a1032104f8a956493d9c4c1d59a2632 error: timed out starting health check for container f55b858f3d902d8d430053260c5755b55a1032104f8a956493d9c4c1d59a2632"
Jan 09 17:52:57 bondy-gozr dockerd[898]: time="2026-01-09T17:52:57.189101504+07:00" level=error msg="copy stream failed" error="reading from a closed fifo" stream=stdout
Jan 09 17:52:57 bondy-gozr dockerd[898]: time="2026-01-09T17:52:57.158414223+07:00" level=error msg="copy stream failed" error="reading from a closed fifo" stream=stdout
Jan 09 17:52:57 bondy-gozr dockerd[898]: time="2026-01-09T17:52:57.158545026+07:00" level=error msg="copy stream failed" error="reading from a closed fifo" stream=stderr
Jan 09 17:52:57 bondy-gozr dockerd[898]: time="2026-01-09T17:52:57.189205267+07:00" level=error msg="copy stream failed" error="reading from a closed fifo" stream=stderr
Jan 09 18:05:05 bondy-gozr dockerd[898]: time="2026-01-09T18:05:05.163023109+07:00" level=warning msg="Health check for container 86772a1151e9570f69b6310bc404c974e14e5fbc0017e83639baa566e9cad53e error: timed out starting health check for container 86772a1151e9570f69b6310bc404c974e14e5fbc0017e83639baa566e9cad53e"
Jan 09 18:05:05 bondy-gozr dockerd[898]: time="2026-01-09T18:05:05.180363513+07:00" level=warning msg="Health check for container 0a098f93188c96654b004e8b522bdf3a52512522b55330a468ed325fb07a6733 error: timed out starting health check for container 0a098f93188c96654b004e8b522bdf3a52512522b55330a468ed325fb07a6733"
Jan 09 18:05:05 bondy-gozr dockerd[898]: time="2026-01-09T18:05:05.197937637+07:00" level=warning msg="Health check for container 34ba7c32fa0c363bf8b81ff166818751ef512b8260d463389b1412ea896dea62 error: timed out starting health check for container 34ba7c32fa0c363bf8b81ff166818751ef512b8260d463389b1412ea896dea62"
Jan 09 18:05:05 bondy-gozr dockerd[898]: time="2026-01-09T18:05:05.226421510+07:00" level=warning msg="Health check for container 634ea9df828e6fcae8e9f4a3222be87da571c5539cb24b4c74396c5acb948b51 error: timed out starting health check for container 634ea9df828e6fcae8e9f4a3222be87da571c5539cb24b4c74396c5acb948b51"
Jan 09 18:05:05 bondy-gozr dockerd[898]: time="2026-01-09T18:05:05.230829324+07:00" level=warning msg="Health check for container d188e057366a71036c648471ef24fac2ba8ed9dca23687345a35db4dd56493c2 error: timed out starting health check for container d188e057366a71036c648471ef24fac2ba8ed9dca23687345a35db4dd56493c2"
Jan 09 18:05:05 bondy-gozr dockerd[898]: time="2026-01-09T18:05:05.297279977+07:00" level=error msg="Handler for GET /v1.51/images/bondy-server-auth-service/json returned error: Canceled: context canceled" spanID=77f5e4b821b846cf traceID=c9efbecd64f84d2306ea5cd229d7fa50
Jan 09 18:05:05 bondy-gozr dockerd[898]: time="2026-01-09T18:05:05.301761279+07:00" level=error msg="Handler for GET /v1.51/images/bondy-server-communication-service/json returned error: Canceled: context canceled" spanID=34032b4cbec92e25 traceID=c9efbecd64f84d2306ea5cd229d7fa50
Jan 09 18:05:05 bondy-gozr dockerd[898]: time="2026-01-09T18:05:05.301960259+07:00" level=error msg="Handler for GET /v1.51/images/bondy-server-discovery-server/json returned error: Canceled: context canceled" spanID=cc29c8536ea493fd traceID=c9efbecd64f84d2306ea5cd229d7fa50
Jan 09 18:05:05 bondy-gozr dockerd[898]: time="2026-01-09T18:05:05.315538485+07:00" level=warning msg="Health check for container 1201758ca57bcea7d20600631e77a219485d3f5f23fb946b33977fe4ce1cdcca error: timed out starting health check for container 1201758ca57bcea7d20600631e77a219485d3f5f23fb946b33977fe4ce1cdcca"
Jan 09 18:05:05 bondy-gozr dockerd[898]: time="2026-01-09T18:05:05.322270427+07:00" level=error msg="Handler for GET /v1.51/images/bondy-server-interaction-service/json returned error: Canceled: context canceled" spanID=0dfd509327102bc8 traceID=c9efbecd64f84d2306ea5cd229d7fa50
Jan 09 18:05:05 bondy-gozr dockerd[898]: time="2026-01-09T18:05:05.328799214+07:00" level=error msg="Handler for GET /v1.51/images/bondy-server-moderation-service/json returned error: Canceled: context canceled" spanID=a346d036822b6b7e traceID=c9efbecd64f84d2306ea5cd229d7fa50
Jan 09 18:05:05 bondy-gozr dockerd[898]: time="2026-01-09T18:05:05.329539410+07:00" level=error msg="Handler for GET /v1.51/images/bondy-server-gateway/json returned error: Canceled: context canceled" spanID=bd9a34e1ca194cac traceID=c9efbecd64f84d2306ea5cd229d7fa50
Jan 09 18:05:05 bondy-gozr dockerd[898]: time="2026-01-09T18:05:05.329967761+07:00" level=error msg="Handler for GET /v1.51/images/bondy-server-notification-service/json returned error: Canceled: context canceled" spanID=63c67f462ce3d16b traceID=c9efbecd64f84d2306ea5cd229d7fa50
Jan 09 18:05:05 bondy-gozr dockerd[898]: time="2026-01-09T18:05:05.332017761+07:00" level=error msg="copy stream failed" error="reading from a closed fifo" stream=stdout
Jan 09 18:05:05 bondy-gozr dockerd[898]: time="2026-01-09T18:05:05.333630190+07:00" level=error msg="Handler for GET /v1.51/images/bondy-server-upload-service/json returned error: Canceled: context canceled" spanID=b5fe5353b7bc2768 traceID=c9efbecd64f84d2306ea5cd229d7fa50
Jan 09 18:05:05 bondy-gozr dockerd[898]: time="2026-01-09T18:05:05.333973804+07:00" level=error msg="Handler for GET /v1.51/images/bondy-server-recommendation-system/json returned error: Canceled: context canceled" spanID=cf92cd65b7d46d6c traceID=c9efbecd64f84d2306ea5cd229d7fa50
Jan 09 18:05:05 bondy-gozr dockerd[898]: time="2026-01-09T18:05:05.333987771+07:00" level=warning msg="Health check for container 15323c5a78b039154bb417b9acd3cc0b23dad980eca37d21d314c9f4e32871b2 error: timed out starting health check for container 15323c5a78b039154bb417b9acd3cc0b23dad980eca37d21d314c9f4e32871b2"
Jan 09 18:05:05 bondy-gozr dockerd[898]: time="2026-01-09T18:05:05.334265720+07:00" level=error msg="Handler for GET /v1.51/images/bondy-server-mail-service/json returned error: Canceled: context canceled" spanID=20ad5aa667e3dac1 traceID=c9efbecd64f84d2306ea5cd229d7fa50
Jan 09 18:05:05 bondy-gozr dockerd[898]: time="2026-01-09T18:05:05.334382844+07:00" level=error msg="copy stream failed" error="reading from a closed fifo" stream=stderr
Jan 09 18:05:38 bondy-gozr dockerd[898]: time="2026-01-09T18:05:38.347540260+07:00" level=info msg="ignoring event" container=1507a182c48042e698e2c935c0aacdc9a916e0de26c318fa5ced2de92979a688 module=libcontainerd namespace=moby topic=/tasks/delete type="*events.TaskDelete"
Jan 09 18:05:42 bondy-gozr dockerd[898]: time="2026-01-09T18:05:42.315270772+07:00" level=info msg="ignoring event" container=86772a1151e9570f69b6310bc404c974e14e5fbc0017e83639baa566e9cad53e module=libcontainerd namespace=moby topic=/tasks/delete type="*events.TaskDelete"
Jan 09 18:05:45 bondy-gozr dockerd[898]: time="2026-01-09T18:05:45.979718659+07:00" level=info msg="ignoring event" container=50f4af22bb58231d090322bd19c723545efbb99c93885082b3851c5b0f2a9d40 module=libcontainerd namespace=moby topic=/tasks/delete type="*events.TaskDelete"
Jan 09 18:05:45 bondy-gozr dockerd[898]: time="2026-01-09T18:05:45.991890694+07:00" level=info msg="ignoring event" container=d188e057366a71036c648471ef24fac2ba8ed9dca23687345a35db4dd56493c2 module=libcontainerd namespace=moby topic=/tasks/delete type="*events.TaskDelete"
Jan 09 18:05:46 bondy-gozr dockerd[898]: time="2026-01-09T18:05:46.424704575+07:00" level=info msg="ignoring event" container=634ea9df828e6fcae8e9f4a3222be87da571c5539cb24b4c74396c5acb948b51 module=libcontainerd namespace=moby topic=/tasks/delete type="*events.TaskDelete"
Jan 09 18:05:46 bondy-gozr dockerd[898]: time="2026-01-09T18:05:46.490760103+07:00" level=info msg="ignoring event" container=1201758ca57bcea7d20600631e77a219485d3f5f23fb946b33977fe4ce1cdcca module=libcontainerd namespace=moby topic=/tasks/delete type="*events.TaskDelete"
Jan 09 18:05:46 bondy-gozr dockerd[898]: time="2026-01-09T18:05:46.606512651+07:00" level=info msg="ignoring event" container=34ba7c32fa0c363bf8b81ff166818751ef512b8260d463389b1412ea896dea62 module=libcontainerd namespace=moby topic=/tasks/delete type="*events.TaskDelete"
Jan 09 18:05:48 bondy-gozr dockerd[898]: time="2026-01-09T18:05:48.319557669+07:00" level=info msg="ignoring event" container=0a098f93188c96654b004e8b522bdf3a52512522b55330a468ed325fb07a6733 module=libcontainerd namespace=moby topic=/tasks/delete type="*events.TaskDelete"
Jan 09 18:05:52 bondy-gozr dockerd[898]: time="2026-01-09T18:05:52.672841900+07:00" level=info msg="Container failed to exit within 10s of signal 15 - using the force" container=f55b858f3d902d8d430053260c5755b55a1032104f8a956493d9c4c1d59a2632 spanID=94795d492fb629db traceID=e4d28e134cd98307f61ea2a682199bbe
Jan 09 18:05:52 bondy-gozr dockerd[898]: time="2026-01-09T18:05:52.713690187+07:00" level=info msg="ignoring event" container=f55b858f3d902d8d430053260c5755b55a1032104f8a956493d9c4c1d59a2632 module=libcontainerd namespace=moby topic=/tasks/delete type="*events.TaskDelete"
Jan 09 18:05:53 bondy-gozr dockerd[898]: time="2026-01-09T18:05:53.082424471+07:00" level=info msg="ignoring event" container=da3d09837788c9151feebf49b2cfcda72015f50287cf057865b619987959ff63 module=libcontainerd namespace=moby topic=/tasks/delete type="*events.TaskDelete"
Jan 09 18:05:53 bondy-gozr dockerd[898]: time="2026-01-09T18:05:53.193940090+07:00" level=info msg="ignoring event" container=15323c5a78b039154bb417b9acd3cc0b23dad980eca37d21d314c9f4e32871b2 module=libcontainerd namespace=moby topic=/tasks/delete type="*events.TaskDelete"
Jan 09 18:05:58 bondy-gozr dockerd[898]: time="2026-01-09T18:05:58.294379695+07:00" level=info msg="sbJoin: gwep4 ''->'7670d15c6ca2', gwep6 ''->''" eid=7670d15c6ca2 ep=discovery-server net=bondy-server_default nid=71e04c9ed2b3 spanID=f5dd24c9ab18333b traceID=026f3b1638c322661b8d63aa97b6191f
Jan 09 18:05:58 bondy-gozr dockerd[898]: time="2026-01-09T18:05:58.318048990+07:00" level=info msg="sbJoin: gwep4 ''->'d162503cb769', gwep6 ''->''" eid=d162503cb769 ep=postgres net=bondy-server_default nid=71e04c9ed2b3 spanID=645bcb94ca87537b traceID=026f3b1638c322661b8d63aa97b6191f
Jan 09 18:06:19 bondy-gozr dockerd[898]: time="2026-01-09T18:06:19.284121176+07:00" level=info msg="sbJoin: gwep4 ''->'ca3be8a67d34', gwep6 ''->''" eid=ca3be8a67d34 ep=notification-service net=bondy-server_default nid=71e04c9ed2b3 spanID=7d6e49071bf91d50 traceID=026f3b1638c322661b8d63aa97b6191f
Jan 09 18:06:19 bondy-gozr dockerd[898]: time="2026-01-09T18:06:19.345635198+07:00" level=info msg="sbJoin: gwep4 ''->'a78273191acd', gwep6 ''->''" eid=a78273191acd ep=upload-service net=bondy-server_default nid=71e04c9ed2b3 spanID=8c1996b00f067f36 traceID=026f3b1638c322661b8d63aa97b6191f
Jan 09 18:06:19 bondy-gozr dockerd[898]: time="2026-01-09T18:06:19.347145434+07:00" level=info msg="sbJoin: gwep4 ''->'9f836f6ef2a0', gwep6 ''->''" eid=9f836f6ef2a0 ep=auth-service net=bondy-server_default nid=71e04c9ed2b3 spanID=297adb6413bcd4f2 traceID=026f3b1638c322661b8d63aa97b6191f
Jan 09 18:06:19 bondy-gozr dockerd[898]: time="2026-01-09T18:06:19.394652832+07:00" level=info msg="sbJoin: gwep4 ''->'eb64819cfaf0', gwep6 ''->''" eid=eb64819cfaf0 ep=mail-service net=bondy-server_default nid=71e04c9ed2b3 spanID=609cd8e41c5d5fb1 traceID=026f3b1638c322661b8d63aa97b6191f
Jan 09 18:06:19 bondy-gozr dockerd[898]: time="2026-01-09T18:06:19.423266442+07:00" level=info msg="sbJoin: gwep4 ''->'e6689f02efb0', gwep6 ''->''" eid=e6689f02efb0 ep=moderation-service net=bondy-server_default nid=71e04c9ed2b3 spanID=155ee1da096555c9 traceID=026f3b1638c322661b8d63aa97b6191f
Jan 09 18:06:19 bondy-gozr dockerd[898]: time="2026-01-09T18:06:19.455008571+07:00" level=info msg="sbJoin: gwep4 ''->'2a2e676662c6', gwep6 ''->''" eid=2a2e676662c6 ep=interaction-service net=bondy-server_default nid=71e04c9ed2b3 spanID=217190ca60bcb689 traceID=026f3b1638c322661b8d63aa97b6191f
Jan 09 18:06:19 bondy-gozr dockerd[898]: time="2026-01-09T18:06:19.485248982+07:00" level=info msg="sbJoin: gwep4 ''->'04588bf14fe3', gwep6 ''->''" eid=04588bf14fe3 ep=communication-service net=bondy-server_default nid=71e04c9ed2b3 spanID=1e443a65971987ad traceID=026f3b1638c322661b8d63aa97b6191f
Jan 09 18:08:33 bondy-gozr dockerd[898]: time="2026-01-09T18:08:33.776972770+07:00" level=info msg="sbJoin: gwep4 ''->'74b8109d2dce', gwep6 ''->''" eid=74b8109d2dce ep=gateway net=bondy-server_default nid=71e04c9ed2b3 spanID=f11b9a8163f363eb traceID=074223deb768b75ec45ce153ae657d36
Jan 09 18:08:33 bondy-gozr dockerd[898]: time="2026-01-09T18:08:33.815301556+07:00" level=info msg="sbJoin: gwep4 ''->'fbe361294e62', gwep6 ''->''" eid=fbe361294e62 ep=recommendation-system net=bondy-server_default nid=71e04c9ed2b3 spanID=eb138c84cccee60b traceID=074223deb768b75ec45ce153ae657d36
